// Jest Snapshot v1, https://goo.gl/fbAQLP

exports[`Form component should render as expected 1`] = `
<div>
  <h2
    className="title"
  >
    Form Page
  </h2>
</div>
`;
