// Jest Snapshot v1, https://goo.gl/fbAQLP

exports[`Grid component should render as expected 1`] = `
<CenteredGrid
  classes={
    Object {
      "root": "CenteredGrid-root-1",
    }
  }
/>
`;
